// Jest Snapshot v1, https://goo.gl/fbAQLP

exports[`<Checkout/> Creates a snapshot 1`] = `
<section
  id="checkout-section"
>
  <ul>
    <span
      id="no-items"
    >
      No items in your cart.
    </span>
    
  </ul>
</section>
`;
